[dailytron.surge.sh/182/index.html]
[backblue.gif]
[fade.gif]
[index.html]
[www.google-analytics.com/analytics.js]
[dailytron.surge.sh/209/index.html]
[dailytron.surge.sh/208/index.html]
[dailytron.surge.sh/207/index.html]
[dailytron.surge.sh/206/index.html]
[dailytron.surge.sh/205/index.html]
[dailytron.surge.sh/204/index.html]
[dailytron.surge.sh/203/index.html]
[dailytron.surge.sh/202/index.html]
[dailytron.surge.sh/201/index.html]
[dailytron.surge.sh/200/index.html]
[dailytron.surge.sh/199/index.html]
[dailytron.surge.sh/198/index.html]
[dailytron.surge.sh/197/index.html]
[dailytron.surge.sh/196/index.html]
[dailytron.surge.sh/195/index.html]
[dailytron.surge.sh/194/index.html]
[dailytron.surge.sh/193/index.html]
[dailytron.surge.sh/192/index.html]
[dailytron.surge.sh/191/index.html]
[dailytron.surge.sh/190/index.html]
[dailytron.surge.sh/189/index.html]
[dailytron.surge.sh/188/index.html]
[dailytron.surge.sh/187/index.html]
[dailytron.surge.sh/186/index.html]
[dailytron.surge.sh/185/index.html]
[dailytron.surge.sh/184/index.html]
[dailytron.surge.sh/183/index.html]
[dailytron.surge.sh/182/index.html]
[dailytron.surge.sh/181/index.html]
[dailytron.surge.sh/180/index.html]
[dailytron.surge.sh/179/index.html]
[dailytron.surge.sh/178/index.html]
[dailytron.surge.sh/177/index.html]
[dailytron.surge.sh/176/index.html]
[dailytron.surge.sh/175/index.html]
[dailytron.surge.sh/174/index.html]
[dailytron.surge.sh/173/index.html]
[dailytron.surge.sh/172/index.html]
[dailytron.surge.sh/171/index.html]
[dailytron.surge.sh/170/index.html]
[dailytron.surge.sh/169/index.html]
[dailytron.surge.sh/168/index.html]
[dailytron.surge.sh/167/index.html]
[dailytron.surge.sh/166/index.html]
[dailytron.surge.sh/165/index.html]
[dailytron.surge.sh/164/index.html]
[dailytron.surge.sh/163/index.html]
[dailytron.surge.sh/162/index.html]
[dailytron.surge.sh/161/index.html]
[dailytron.surge.sh/160/index.html]
[dailytron.surge.sh/159/index.html]
[dailytron.surge.sh/158/index.html]
[dailytron.surge.sh/157/index.html]
[dailytron.surge.sh/156/index.html]
[dailytron.surge.sh/155/index.html]
[dailytron.surge.sh/154/index.html]
[dailytron.surge.sh/153/index.html]
[dailytron.surge.sh/152/index.html]
[dailytron.surge.sh/151/index.html]
[dailytron.surge.sh/150/index.html]
[dailytron.surge.sh/149/index.html]
[dailytron.surge.sh/148/index.html]
[dailytron.surge.sh/147/index.html]
[dailytron.surge.sh/146/index.html]
[dailytron.surge.sh/145/index.html]
[dailytron.surge.sh/144/index.html]
[dailytron.surge.sh/143/index.html]
[dailytron.surge.sh/142/index.html]
[dailytron.surge.sh/141/index.html]
[dailytron.surge.sh/140/index.html]
[dailytron.surge.sh/139/index.html]
[dailytron.surge.sh/138/index.html]
[dailytron.surge.sh/137/index.html]
[dailytron.surge.sh/136/index.html]
[dailytron.surge.sh/135/index.html]
[dailytron.surge.sh/134/index.html]
[dailytron.surge.sh/133/index.html]
[dailytron.surge.sh/132/index.html]
[dailytron.surge.sh/131/index.html]
[dailytron.surge.sh/130/index.html]
[dailytron.surge.sh/129/index.html]
[dailytron.surge.sh/128/index.html]
[dailytron.surge.sh/127/index.html]
[dailytron.surge.sh/126/index.html]
[dailytron.surge.sh/125/index.html]
[dailytron.surge.sh/124/index.html]
[dailytron.surge.sh/123/index.html]
[dailytron.surge.sh/122/index.html]
[dailytron.surge.sh/121/index.html]
[dailytron.surge.sh/120/index.html]
[dailytron.surge.sh/119/index.html]
[dailytron.surge.sh/118/index.html]
[dailytron.surge.sh/117/index.html]
[dailytron.surge.sh/116/index.html]
[dailytron.surge.sh/115/index.html]
[dailytron.surge.sh/114/index.html]
[dailytron.surge.sh/113/index.html]
[dailytron.surge.sh/112/index.html]
[dailytron.surge.sh/111/index.html]
[dailytron.surge.sh/110/index.html]
[dailytron.surge.sh/109/index.html]
[dailytron.surge.sh/108/index.html]
[dailytron.surge.sh/107/index.html]
[dailytron.surge.sh/106/index.html]
[dailytron.surge.sh/105/index.html]
[dailytron.surge.sh/104/index.html]
[dailytron.surge.sh/103/index.html]
[dailytron.surge.sh/102/index.html]
[dailytron.surge.sh/101/index.html]
[dailytron.surge.sh/100/index.html]
[dailytron.surge.sh/99/index.html]
[dailytron.surge.sh/98/index.html]
[dailytron.surge.sh/97/index.html]
[dailytron.surge.sh/96/index.html]
[dailytron.surge.sh/95/index.html]
[dailytron.surge.sh/94/index.html]
[dailytron.surge.sh/93/index.html]
[dailytron.surge.sh/92/index.html]
[dailytron.surge.sh/91/index.html]
[dailytron.surge.sh/90/index.html]
[dailytron.surge.sh/89/index.html]
[dailytron.surge.sh/88/index.html]
[dailytron.surge.sh/87/index.html]
[dailytron.surge.sh/86/index.html]
[dailytron.surge.sh/85/index.html]
[dailytron.surge.sh/84/index.html]
[dailytron.surge.sh/83/index.html]
[dailytron.surge.sh/82/index.html]
[dailytron.surge.sh/81/index.html]
[dailytron.surge.sh/80/index.html]
[dailytron.surge.sh/79/index.html]
[dailytron.surge.sh/78/index.html]
[dailytron.surge.sh/77/index.html]
[dailytron.surge.sh/76/index.html]
[dailytron.surge.sh/75/index.html]
[dailytron.surge.sh/74/index.html]
[dailytron.surge.sh/73/index.html]
[dailytron.surge.sh/72/index.html]
[dailytron.surge.sh/71/index.html]
[dailytron.surge.sh/70/index.html]
[dailytron.surge.sh/69/index.html]
[dailytron.surge.sh/68/index.html]
[dailytron.surge.sh/67/index.html]
[dailytron.surge.sh/66/index.html]
[dailytron.surge.sh/65/index.html]
[dailytron.surge.sh/64/index.html]
[dailytron.surge.sh/63/index.html]
[dailytron.surge.sh/62/index.html]
[dailytron.surge.sh/61/index.html]
[dailytron.surge.sh/60/index.html]
[dailytron.surge.sh/59/index.html]
[dailytron.surge.sh/58/index.html]
[dailytron.surge.sh/57/index.html]
[dailytron.surge.sh/56/index.html]
[dailytron.surge.sh/55/index.html]
[dailytron.surge.sh/54/index.html]
[dailytron.surge.sh/53/index.html]
[dailytron.surge.sh/52/index.html]
[dailytron.surge.sh/51/index.html]
[dailytron.surge.sh/50/index.html]
[dailytron.surge.sh/49/index.html]
[dailytron.surge.sh/48/index.html]
[dailytron.surge.sh/47/index.html]
[dailytron.surge.sh/46/index.html]
[dailytron.surge.sh/45/index.html]
[dailytron.surge.sh/44/index.html]
[dailytron.surge.sh/43/index.html]
[dailytron.surge.sh/42/index.html]
[dailytron.surge.sh/41/index.html]
[dailytron.surge.sh/40/index.html]
[dailytron.surge.sh/39/index.html]
[dailytron.surge.sh/38/index.html]
[dailytron.surge.sh/37/index.html]
[dailytron.surge.sh/36/index.html]
[dailytron.surge.sh/35/index.html]
[dailytron.surge.sh/34/index.html]
[dailytron.surge.sh/33/index.html]
[dailytron.surge.sh/32/index.html]
[dailytron.surge.sh/31/index.html]
[dailytron.surge.sh/30/index.html]
[dailytron.surge.sh/29/index.html]
[dailytron.surge.sh/28/index.html]
[dailytron.surge.sh/27/index.html]
[dailytron.surge.sh/26/index.html]
[dailytron.surge.sh/25/index.html]
[dailytron.surge.sh/24/index.html]
[dailytron.surge.sh/23/index.html]
[dailytron.surge.sh/22/index.html]
[dailytron.surge.sh/21/index.html]
[dailytron.surge.sh/20/index.html]
[dailytron.surge.sh/19/index.html]
[dailytron.surge.sh/18/index.html]
[dailytron.surge.sh/17/index.html]
[dailytron.surge.sh/16/index.html]
[dailytron.surge.sh/15/index.html]
[dailytron.surge.sh/14/index.html]
[dailytron.surge.sh/13/index.html]
[dailytron.surge.sh/12/index.html]
[dailytron.surge.sh/11/index.html]
[dailytron.surge.sh/10/index.html]
[dailytron.surge.sh/9/index.html]
[dailytron.surge.sh/8/index.html]
[dailytron.surge.sh/7/index.html]
[dailytron.surge.sh/6/index.html]
[dailytron.surge.sh/5/index.html]
[dailytron.surge.sh/4/index.html]
[dailytron.surge.sh/3/index.html]
[dailytron.surge.sh/2/index.html]
[dailytron.surge.sh/1/index.html]
